// Jest Snapshot v1, https://goo.gl/fbAQLP

exports[`App matches snapshot 1`] = `
<div
  id="app"
>
  <section
    class="header"
  >
    <select>
      <option>
        Guardar y salir
      </option>
       
      <option>
        Salir sin guardar
      </option>
       
      <option>
        Guardar y continuar
      </option>
    </select>
  </section>
   
  <section
    class="sidebar"
  >
    <nav
      class="menu"
    >
      <ul
        class="menu__wrapper"
        role="list"
      >
        <li
          class="menu__item opening"
          data-name="opening"
        >
          
        Opening
      
        </li>
         
        <li
          class="menu__item equipment"
          data-name="equipment"
        >
          
        Equipment
      
        </li>
         
        <li
          class="menu__item ending"
          data-name="ending"
        >
          
        Ending
      
        </li>
      </ul>
    </nav>
  </section>
   
  <div
    class="content"
  >
    <section
      class="opening"
    >
      <div
        class="product-list hide"
      >
        <div
          class="product-list__toggle"
          role="button"
        >
          <i
            class="toggle-icon"
          />
        </div>
         
        <h1
          class="product-list__title"
        >
          
      
    
        </h1>
         
      </div>
       
      <div
        class="actions"
      >
        <div
          class="config"
        >
          <button
            class="button"
            type="button"
          >
            
        Fijar
      
          </button>
           
          <button
            class="button"
            type="button"
          >
            
        Borrar
      
          </button>
        </div>
         
        <div
          class="control"
        >
          <div
            class="control-zoom"
          >
            <button
              class="button plus"
              type="button"
            />
             
            <button
              class="button minus"
              type="button"
            />
          </div>
           
          <div
            class="control-move"
          >
            <button
              class="button move"
              type="button"
            />
          </div>
        </div>
      </div>
    </section>
  </div>
</div>
`;
